
> merchant-fee-calculator@0.1.0 test
> react-scripts test --watchAll=false

node.exe : PASS src/__tests__/unit/validators.test.js
At line:1 char:1
+ & "C:\Program Files\nodejs/node.exe" "C:\Program Files\nodejs/node_mo ...
+ ~~~~~~~~~~~~~~~~~~~~~~~~~~~~~~~~~~~~~~~~~~~~~~~~~~~~~~~~~~~~~~~~~~~~~
    + CategoryInfo          : NotSpecified: (PASS src/__test...idators.test.js:String) [], RemoteExcepti 
   on
    + FullyQualifiedErrorId : NativeCommandError
 
FAIL src/__tests__/unit/fileParser.test.js
  ΓùÅ fileParser.js ΓÇ║ parseFileData ΓÇ║ File type validation ΓÇ║ should accept CSV files

    expect(received).toBe(expected) // Object.is equality

    Expected: true
    Received: false

    [0m [90m 251 |[39m         [36mconst[39m file [33m=[39m [36mnew[39m 
[33mFile[39m([csvContent][33m,[39m [32m'test.csv'[39m[33m,[39m { type[33m:[39m 
[32m'text/csv'[39m })[33m;[39m
     [90m 252 |[39m         [36mconst[39m result [33m=[39m [36mawait[39m 
parseFileData(file[33m,[39m [33mREQUIRED_COLUMNS[39m)[33m;[39m
    [31m[1m>[22m[39m[90m 253 |[39m         
expect(result[33m.[39mvalid)[33m.[39mtoBe([36mtrue[39m)[33m;[39m
     [90m     |[39m                              [31m[1m^[22m[39m
     [90m 254 |[39m       })[33m;[39m
     [90m 255 |[39m
     [90m 256 |[39m       it([32m'should accept .csv files by extension'[39m[33m,[39m 
[36masync[39m () [33m=>[39m {[0m

      at Object.<anonymous> (src/__tests__/unit/fileParser.test.js:253:30)

  ΓùÅ fileParser.js ΓÇ║ parseFileData ΓÇ║ File type validation ΓÇ║ should accept .csv files by extension

    expect(received).toBe(expected) // Object.is equality

    Expected: true
    Received: false

    [0m [90m 258 |[39m         [36mconst[39m file [33m=[39m [36mnew[39m 
[33mFile[39m([csvContent][33m,[39m [32m'test.csv'[39m)[33m;[39m
     [90m 259 |[39m         [36mconst[39m result [33m=[39m [36mawait[39m 
parseFileData(file[33m,[39m [33mREQUIRED_COLUMNS[39m)[33m;[39m
    [31m[1m>[22m[39m[90m 260 |[39m         
expect(result[33m.[39mvalid)[33m.[39mtoBe([36mtrue[39m)[33m;[39m
     [90m     |[39m                              [31m[1m^[22m[39m
     [90m 261 |[39m       })[33m;[39m
     [90m 262 |[39m     })[33m;[39m
     [90m 263 |[39m[0m

      at Object.<anonymous> (src/__tests__/unit/fileParser.test.js:260:30)

FAIL src/__tests__/unit/useFileValidation.test.js
  ΓùÅ useFileValidation hook ΓÇ║ File validation handling ΓÇ║ should show preview for valid data

    expect(received).toBe(expected) // Object.is equality

    Expected: true
    Received: false

    [0m [90m 59 |[39m       })[33m;[39m
     [90m 60 |[39m
    [31m[1m>[22m[39m[90m 61 |[39m       
expect(result[33m.[39mcurrent[33m.[39mshowPreview)[33m.[39mtoBe([36mtrue[39m)[33m;[39m
     [90m    |[39m                                          [31m[1m^[22m[39m
     [90m 62 |[39m       
expect(result[33m.[39mcurrent[33m.[39mvalidationErrors)[33m.[39mtoEqual([])[33m;[39m
     [90m 63 |[39m       expect(result[33m.[39mcurrent[33m.[39mpreviewData[33m.[39mlength)[33m.
[39mtoBeGreaterThan([35m0[39m)[33m;[39m
     [90m 64 |[39m     })[33m;[39m[0m

      at Object.<anonymous> (src/__tests__/unit/useFileValidation.test.js:61:42)

  ΓùÅ useFileValidation hook ΓÇ║ Re-upload functionality ΓÇ║ should reset all state on re-upload

    expect(received).toBeGreaterThan(expected)

    Expected: > 0
    Received:   0

    [0m [90m 93 |[39m
     [90m 94 |[39m       
expect(result[33m.[39mcurrent[33m.[39mfileName)[33m.[39mnot[33m.[39mtoBe([32m''[39m)[33m;[39m
    [31m[1m>[22m[39m[90m 95 |[39m       expect(result[33m.[39mcurrent[33m.[39mfullData[33m.[3
9mlength)[33m.[39mtoBeGreaterThan([35m0[39m)[33m;[39m
     [90m    |[39m                                              [31m[1m^[22m[39m
     [90m 96 |[39m
     [90m 97 |[39m       [90m// Re-upload[39m
     [90m 98 |[39m       act(() [33m=>[39m {[0m

      at Object.<anonymous> (src/__tests__/unit/useFileValidation.test.js:95:46)

  ΓùÅ useFileValidation hook ΓÇ║ Error messages ΓÇ║ should show error message for invalid file type

    expect(received).toContain(expected) // indexOf

    Expected substring: "Invalid file type"
    Received string:    "Validation failed: 1 issue(s) found. Please review the errors below."

    [0m [90m 118 |[39m       })[33m;[39m
     [90m 119 |[39m
    [31m[1m>[22m[39m[90m 120 |[39m       
expect(result[33m.[39mcurrent[33m.[39mfileError)[33m.[39mtoContain([32m'Invalid file 
type'[39m)[33m;[39m
     [90m     |[39m                                        [31m[1m^[22m[39m
     [90m 121 |[39m     })[33m;[39m
     [90m 122 |[39m
     [90m 123 |[39m     it([32m'should show error count in validation message'[39m[33m,[39m 
[36masync[39m () [33m=>[39m {[0m

      at Object.<anonymous> (src/__tests__/unit/useFileValidation.test.js:120:40)

  ΓùÅ useFileValidation hook ΓÇ║ Error messages ΓÇ║ should report specific row and column errors

    expect(received).toBe(expected) // Object.is equality

    Expected: true
    Received: false

    [0m [90m 143 |[39m       })[33m;[39m
     [90m 144 |[39m
    [31m[1m>[22m[39m[90m 145 |[39m       
expect(result[33m.[39mcurrent[33m.[39mvalidationErrors[33m.[39msome((e) [33m=>[39m 
e[33m.[39mrow [33m===[39m [35m1[39m [33m&&[39m e[33m.[39mcolumn [33m===[39m 
[32m'transaction_date'[39m))[33m.[39mtoBe([36mtrue[39m)[33m;[39m
     [90m     |[39m                                                                                    
                       [31m[1m^[22m[39m
     [90m 146 |[39m     })[33m;[39m
     [90m 147 |[39m   })[33m;[39m
     [90m 148 |[39m[0m

      at Object.<anonymous> (src/__tests__/unit/useFileValidation.test.js:145:107)

  ΓùÅ useFileValidation hook ΓÇ║ Preview data management ΓÇ║ should have full data available beyond 
preview

    expect(received).toBe(expected) // Object.is equality

    Expected: 15
    Received: 0

    [0m [90m 175 |[39m       })[33m;[39m
     [90m 176 |[39m
    [31m[1m>[22m[39m[90m 177 |[39m       expect(result[33m.[39mcurrent[33m.[39mfullData[33m.[
39mlength)[33m.[39mtoBe([35m15[39m)[33m;[39m
     [90m     |[39m                                              [31m[1m^[22m[39m
     [90m 178 |[39m       expect(result[33m.[39mcurrent[33m.[39mpreviewData[33m.[39mlength)[33m.
[39mtoBeLessThanOrEqual([35m10[39m)[33m;[39m
     [90m 179 |[39m     })[33m;[39m
     [90m 180 |[39m   })[33m;[39m[0m

      at Object.<anonymous> (src/__tests__/unit/useFileValidation.test.js:177:46)

PASS src/__tests__/unit/useTransactionValidation.test.js (5.001 s)

Test Suites: 2 failed, 2 passed, 4 total
Tests:       7 failed, 105 passed, 112 total
Snapshots:   0 total
Time:        8.619 s
Ran all test suites.
